package github.com/mibk/dupl: github.com/mibk/dupl is a custom import path for https://github.com/mibk/dupl, but /Users/Justin/Code/go/src/github.com/mibk/dupl is checked out from git@github.com:mibk/dupl
	imports github.com/alecthomas/gocyclo: github.com/alecthomas/gocyclo is a custom import path for https://github.com/alecthomas/gocyclo, but /Users/Justin/Code/go/src/github.com/alecthomas/gocyclo is checked out from git@github.com:alecthomas/gocyclo
	imports github.com/mdempsky/unconvert: github.com/mdempsky/unconvert is a custom import path for https://github.com/mdempsky/unconvert, but /Users/Justin/Code/go/src/github.com/mdempsky/unconvert is checked out from git@github.com:mdempsky/unconvert
	imports github.com/kisielk/errcheck: github.com/kisielk/errcheck is a custom import path for https://github.com/kisielk/errcheck, but /Users/Justin/Code/go/src/github.com/kisielk/errcheck is checked out from git@github.com:kisielk/errcheck
	imports github.com/tsenart/deadcode: github.com/tsenart/deadcode is a custom import path for https://github.com/tsenart/deadcode, but /Users/Justin/Code/go/src/github.com/tsenart/deadcode is checked out from git@github.com:tsenart/deadcode
	imports github.com/gordonklaus/ineffassign: github.com/gordonklaus/ineffassign is a custom import path for https://github.com/gordonklaus/ineffassign, but /Users/Justin/Code/go/src/github.com/gordonklaus/ineffassign is checked out from git@github.com:gordonklaus/ineffassign
package github.com/mibk/dupl: github.com/mibk/dupl is a custom import path for https://github.com/mibk/dupl, but /Users/Justin/Code/go/src/github.com/mibk/dupl is checked out from git@github.com:mibk/dupl
package github.com/alecthomas/gocyclo: github.com/alecthomas/gocyclo is a custom import path for https://github.com/alecthomas/gocyclo, but /Users/Justin/Code/go/src/github.com/alecthomas/gocyclo is checked out from git@github.com:alecthomas/gocyclo
package github.com/mdempsky/unconvert: github.com/mdempsky/unconvert is a custom import path for https://github.com/mdempsky/unconvert, but /Users/Justin/Code/go/src/github.com/mdempsky/unconvert is checked out from git@github.com:mdempsky/unconvert
package github.com/kisielk/errcheck: github.com/kisielk/errcheck is a custom import path for https://github.com/kisielk/errcheck, but /Users/Justin/Code/go/src/github.com/kisielk/errcheck is checked out from git@github.com:kisielk/errcheck
package github.com/tsenart/deadcode: github.com/tsenart/deadcode is a custom import path for https://github.com/tsenart/deadcode, but /Users/Justin/Code/go/src/github.com/tsenart/deadcode is checked out from git@github.com:tsenart/deadcode
package github.com/gordonklaus/ineffassign: github.com/gordonklaus/ineffassign is a custom import path for https://github.com/gordonklaus/ineffassign, but /Users/Justin/Code/go/src/github.com/gordonklaus/ineffassign is checked out from git@github.com:gordonklaus/ineffassign
